[05:04:12] [ServerMain/INFO]: Environment: Environment[sessionHost=https://sessionserver.mojang.com, servicesHost=https://api.minecraftservices.com, profilesHost=https://api.mojang.com, name=PROD]
[05:04:15] [ServerMain/INFO]: Loaded 1585 recipes
[05:04:15] [ServerMain/INFO]: Loaded 1688 advancements
[05:04:15] [Server thread/INFO]: Starting minecraft server version 26.2
[05:04:15] [Server thread/INFO]: Loading properties
[05:04:15] [Server thread/INFO]: Default game type: SURVIVAL
[05:04:15] [Server thread/INFO]: Generating keypair
[05:04:15] [Server thread/INFO]: Starting Minecraft server on *:25565
[05:04:15] [Server thread/WARN]: **** SERVER IS RUNNING IN OFFLINE/INSECURE MODE!
[05:04:15] [Server thread/WARN]: The server will make no attempt to authenticate usernames. Beware.
[05:04:15] [Server thread/WARN]: While this makes the game possible to play without internet access, it also opens up the ability for hackers to connect with any username they choose.
[05:04:15] [Server thread/WARN]: To change this, set "online-mode" to "true" in the server.properties file.
[05:04:15] [Server thread/INFO]: Preparing level "world"
[05:04:16] [Server thread/INFO]: Loading 0 persistent chunks...
[05:04:16] [Server thread/INFO]: Preparing spawn area: 100%
[05:04:16] [Server thread/INFO]: Time elapsed: 16 ms
[05:04:16] [Server thread/INFO]: Done (0.468s)! For help, type "help"
[05:04:16] [Server thread/INFO]: Starting GS4 status listener
[05:04:16] [Server thread/INFO]: Thread Query Listener started
[05:04:16] [Query Listener #1/INFO]: Query running on 0.0.0.0:25565
[05:04:16] [Server thread/INFO]: Saving chunks for level 'ServerLevel[world]'/minecraft:overworld
[05:04:16] [Server thread/INFO]: Saving chunks for level 'ServerLevel[world]'/minecraft:the_nether
[05:04:16] [Server thread/INFO]: Saving chunks for level 'ServerLevel[world]'/minecraft:the_end
[05:04:16] [Server thread/INFO]: ThreadedAnvilChunkStorage (world): All chunks are saved
[05:04:16] [Server thread/INFO]: ThreadedAnvilChunkStorage (DIM-1): All chunks are saved
[05:04:16] [Server thread/INFO]: ThreadedAnvilChunkStorage (DIM1): All chunks are saved
[05:04:16] [Server thread/INFO]: ThreadedAnvilChunkStorage: All dimensions are saved
[05:05:16] [Server thread/INFO]: Server empty for 60 seconds, pausing
[05:06:00] [Server thread/INFO]: iGalax[/127.78.230.203:60251] logged in with entity id 107 at (2.5, 100.0, 5.5)
[05:06:01] [Server thread/INFO]: iGalax joined the game
[05:06:11] [Server thread/WARN]: Mismatch in destroy block pos: BlockPos{x=0, y=0, z=0} BlockPos{x=-1, y=102, z=3}
[05:06:22] [Server thread/INFO]: Stopping the server
[05:06:22] [Server thread/INFO]: Stopping server
[05:06:22] [Server thread/INFO]: Saving players
[05:06:22] [Server thread/INFO]: Saving worlds
[05:06:22] [Server thread/INFO]: Saving chunks for level 'ServerLevel[world]'/minecraft:overworld
[05:06:24] [Server thread/INFO]: Saving chunks for level 'ServerLevel[world]'/minecraft:the_nether
[05:06:24] [Server thread/INFO]: Saving chunks for level 'ServerLevel[world]'/minecraft:the_end
[05:06:24] [Server thread/INFO]: ThreadedAnvilChunkStorage (world): All chunks are saved
[05:06:24] [Server thread/INFO]: ThreadedAnvilChunkStorage (DIM-1): All chunks are saved
[05:06:24] [Server thread/INFO]: ThreadedAnvilChunkStorage (DIM1): All chunks are saved
[05:06:24] [Server thread/INFO]: ThreadedAnvilChunkStorage: All dimensions are saved
[05:06:24] [Server thread/INFO]: Thread Query Listener stopped
