Unpacking 26.2/server-26.2.jar (versions:26.2) to versions/26.2/server-26.2.jar
Unpacking at/yawk/lz4/lz4-java/1.10.1/lz4-java-1.10.1.jar (libraries:at.yawk.lz4:lz4-java:1.10.1) to libraries/at/yawk/lz4/lz4-java/1.10.1/lz4-java-1.10.1.jar
Unpacking com/azure/azure-json/1.4.0/azure-json-1.4.0.jar (libraries:com.azure:azure-json:1.4.0) to libraries/com/azure/azure-json/1.4.0/azure-json-1.4.0.jar
Unpacking com/github/oshi/oshi-core/6.9.0/oshi-core-6.9.0.jar (libraries:com.github.oshi:oshi-core:6.9.0) to libraries/com/github/oshi/oshi-core/6.9.0/oshi-core-6.9.0.jar
Unpacking com/google/code/gson/gson/2.14.0/gson-2.14.0.jar (libraries:com.google.code.gson:gson:2.14.0) to libraries/com/google/code/gson/gson/2.14.0/gson-2.14.0.jar
Unpacking com/google/guava/failureaccess/1.0.3/failureaccess-1.0.3.jar (libraries:com.google.guava:failureaccess:1.0.3) to libraries/com/google/guava/failureaccess/1.0.3/failureaccess-1.0.3.jar
Unpacking com/google/guava/guava/33.6.0-jre/guava-33.6.0-jre.jar (libraries:com.google.guava:guava:33.6.0-jre) to libraries/com/google/guava/guava/33.6.0-jre/guava-33.6.0-jre.jar
Unpacking com/microsoft/azure/msal4j/1.24.1/msal4j-1.24.1.jar (libraries:com.microsoft.azure:msal4j:1.24.1) to libraries/com/microsoft/azure/msal4j/1.24.1/msal4j-1.24.1.jar
Unpacking com/mojang/authlib/9.0.75/authlib-9.0.75.jar (libraries:com.mojang:authlib:9.0.75) to libraries/com/mojang/authlib/9.0.75/authlib-9.0.75.jar
Unpacking com/mojang/brigadier/1.3.10/brigadier-1.3.10.jar (libraries:com.mojang:brigadier:1.3.10) to libraries/com/mojang/brigadier/1.3.10/brigadier-1.3.10.jar
Unpacking com/mojang/datafixerupper/10.0.21/datafixerupper-10.0.21.jar (libraries:com.mojang:datafixerupper:10.0.21) to libraries/com/mojang/datafixerupper/10.0.21/datafixerupper-10.0.21.jar
Unpacking com/mojang/jtracy/1.0.37/jtracy-1.0.37.jar (libraries:com.mojang:jtracy:1.0.37) to libraries/com/mojang/jtracy/1.0.37/jtracy-1.0.37.jar
Unpacking com/mojang/logging/1.7.12/logging-1.7.12.jar (libraries:com.mojang:logging:1.7.12) to libraries/com/mojang/logging/1.7.12/logging-1.7.12.jar
Unpacking commons-io/commons-io/2.20.0/commons-io-2.20.0.jar (libraries:commons-io:commons-io:2.20.0) to libraries/commons-io/commons-io/2.20.0/commons-io-2.20.0.jar
Unpacking io/netty/netty-buffer/4.2.15.Final/netty-buffer-4.2.15.Final.jar (libraries:io.netty:netty-buffer:4.2.15.Final) to libraries/io/netty/netty-buffer/4.2.15.Final/netty-buffer-4.2.15.Final.jar
Unpacking io/netty/netty-codec-base/4.2.15.Final/netty-codec-base-4.2.15.Final.jar (libraries:io.netty:netty-codec-base:4.2.15.Final) to libraries/io/netty/netty-codec-base/4.2.15.Final/netty-codec-base-4.2.15.Final.jar
Unpacking io/netty/netty-codec-compression/4.2.15.Final/netty-codec-compression-4.2.15.Final.jar (libraries:io.netty:netty-codec-compression:4.2.15.Final) to libraries/io/netty/netty-codec-compression/4.2.15.Final/netty-codec-compression-4.2.15.Final.jar
Unpacking io/netty/netty-codec-http/4.2.15.Final/netty-codec-http-4.2.15.Final.jar (libraries:io.netty:netty-codec-http:4.2.15.Final) to libraries/io/netty/netty-codec-http/4.2.15.Final/netty-codec-http-4.2.15.Final.jar
Unpacking io/netty/netty-common/4.2.15.Final/netty-common-4.2.15.Final.jar (libraries:io.netty:netty-common:4.2.15.Final) to libraries/io/netty/netty-common/4.2.15.Final/netty-common-4.2.15.Final.jar
Unpacking io/netty/netty-handler/4.2.15.Final/netty-handler-4.2.15.Final.jar (libraries:io.netty:netty-handler:4.2.15.Final) to libraries/io/netty/netty-handler/4.2.15.Final/netty-handler-4.2.15.Final.jar
Unpacking io/netty/netty-resolver/4.2.15.Final/netty-resolver-4.2.15.Final.jar (libraries:io.netty:netty-resolver:4.2.15.Final) to libraries/io/netty/netty-resolver/4.2.15.Final/netty-resolver-4.2.15.Final.jar
Unpacking io/netty/netty-transport/4.2.15.Final/netty-transport-4.2.15.Final.jar (libraries:io.netty:netty-transport:4.2.15.Final) to libraries/io/netty/netty-transport/4.2.15.Final/netty-transport-4.2.15.Final.jar
Unpacking io/netty/netty-transport-classes-epoll/4.2.15.Final/netty-transport-classes-epoll-4.2.15.Final.jar (libraries:io.netty:netty-transport-classes-epoll:4.2.15.Final) to libraries/io/netty/netty-transport-classes-epoll/4.2.15.Final/netty-transport-classes-epoll-4.2.15.Final.jar
Unpacking io/netty/netty-transport-classes-kqueue/4.2.15.Final/netty-transport-classes-kqueue-4.2.15.Final.jar (libraries:io.netty:netty-transport-classes-kqueue:4.2.15.Final) to libraries/io/netty/netty-transport-classes-kqueue/4.2.15.Final/netty-transport-classes-kqueue-4.2.15.Final.jar
Unpacking io/netty/netty-transport-native-epoll/4.2.15.Final/netty-transport-native-epoll-4.2.15.Final-linux-x86_64.jar (libraries:io.netty:netty-transport-native-epoll:4.2.15.Final:linux-x86_64) to libraries/io/netty/netty-transport-native-epoll/4.2.15.Final/netty-transport-native-epoll-4.2.15.Final-linux-x86_64.jar
Unpacking io/netty/netty-transport-native-epoll/4.2.15.Final/netty-transport-native-epoll-4.2.15.Final-linux-aarch_64.jar (libraries:io.netty:netty-transport-native-epoll:4.2.15.Final:linux-aarch_64) to libraries/io/netty/netty-transport-native-epoll/4.2.15.Final/netty-transport-native-epoll-4.2.15.Final-linux-aarch_64.jar
Unpacking io/netty/netty-transport-native-kqueue/4.2.15.Final/netty-transport-native-kqueue-4.2.15.Final-osx-x86_64.jar (libraries:io.netty:netty-transport-native-kqueue:4.2.15.Final:osx-x86_64) to libraries/io/netty/netty-transport-native-kqueue/4.2.15.Final/netty-transport-native-kqueue-4.2.15.Final-osx-x86_64.jar
Unpacking io/netty/netty-transport-native-kqueue/4.2.15.Final/netty-transport-native-kqueue-4.2.15.Final-osx-aarch_64.jar (libraries:io.netty:netty-transport-native-kqueue:4.2.15.Final:osx-aarch_64) to libraries/io/netty/netty-transport-native-kqueue/4.2.15.Final/netty-transport-native-kqueue-4.2.15.Final-osx-aarch_64.jar
Unpacking io/netty/netty-transport-native-unix-common/4.2.15.Final/netty-transport-native-unix-common-4.2.15.Final.jar (libraries:io.netty:netty-transport-native-unix-common:4.2.15.Final) to libraries/io/netty/netty-transport-native-unix-common/4.2.15.Final/netty-transport-native-unix-common-4.2.15.Final.jar
Unpacking it/unimi/dsi/fastutil/8.5.18/fastutil-8.5.18.jar (libraries:it.unimi.dsi:fastutil:8.5.18) to libraries/it/unimi/dsi/fastutil/8.5.18/fastutil-8.5.18.jar
Unpacking net/java/dev/jna/jna/5.17.0/jna-5.17.0.jar (libraries:net.java.dev.jna:jna:5.17.0) to libraries/net/java/dev/jna/jna/5.17.0/jna-5.17.0.jar
Unpacking net/java/dev/jna/jna-platform/5.17.0/jna-platform-5.17.0.jar (libraries:net.java.dev.jna:jna-platform:5.17.0) to libraries/net/java/dev/jna/jna-platform/5.17.0/jna-platform-5.17.0.jar
Unpacking net/sf/jopt-simple/jopt-simple/5.0.4/jopt-simple-5.0.4.jar (libraries:net.sf.jopt-simple:jopt-simple:5.0.4) to libraries/net/sf/jopt-simple/jopt-simple/5.0.4/jopt-simple-5.0.4.jar
Unpacking org/apache/commons/commons-lang3/3.20.0/commons-lang3-3.20.0.jar (libraries:org.apache.commons:commons-lang3:3.20.0) to libraries/org/apache/commons/commons-lang3/3.20.0/commons-lang3-3.20.0.jar
Unpacking org/apache/logging/log4j/log4j-api/2.26.0/log4j-api-2.26.0.jar (libraries:org.apache.logging.log4j:log4j-api:2.26.0) to libraries/org/apache/logging/log4j/log4j-api/2.26.0/log4j-api-2.26.0.jar
Unpacking org/apache/logging/log4j/log4j-core/2.26.0/log4j-core-2.26.0.jar (libraries:org.apache.logging.log4j:log4j-core:2.26.0) to libraries/org/apache/logging/log4j/log4j-core/2.26.0/log4j-core-2.26.0.jar
Unpacking org/apache/logging/log4j/log4j-slf4j2-impl/2.26.0/log4j-slf4j2-impl-2.26.0.jar (libraries:org.apache.logging.log4j:log4j-slf4j2-impl:2.26.0) to libraries/org/apache/logging/log4j/log4j-slf4j2-impl/2.26.0/log4j-slf4j2-impl-2.26.0.jar
Unpacking org/joml/joml/1.10.8/joml-1.10.8.jar (libraries:org.joml:joml:1.10.8) to libraries/org/joml/joml/1.10.8/joml-1.10.8.jar
Unpacking org/jspecify/jspecify/1.0.0/jspecify-1.0.0.jar (libraries:org.jspecify:jspecify:1.0.0) to libraries/org/jspecify/jspecify/1.0.0/jspecify-1.0.0.jar
Unpacking org/slf4j/slf4j-api/2.0.17/slf4j-api-2.0.17.jar (libraries:org.slf4j:slf4j-api:2.0.17) to libraries/org/slf4j/slf4j-api/2.0.17/slf4j-api-2.0.17.jar
Starting net.minecraft.server.Main
WARNING: A restricted method in java.lang.System has been called
WARNING: java.lang.System::load has been called by com.sun.jna.Native in an unnamed module (file:/workspaces/Minecra/minecraft-server/serverfiles/libraries/net/java/dev/jna/jna/5.17.0/jna-5.17.0.jar)
WARNING: Use --enable-native-access=ALL-UNNAMED to avoid a warning for callers in this module
WARNING: Restricted methods will be blocked in a future release unless native access is enabled

WARNING: A terminally deprecated method in sun.misc.Unsafe has been called
WARNING: sun.misc.Unsafe::objectFieldOffset has been called by org.joml.MemUtil$MemUtilUnsafe (file:/workspaces/Minecra/minecraft-server/serverfiles/libraries/org/joml/joml/1.10.8/joml-1.10.8.jar)
WARNING: Please consider reporting this to the maintainers of class org.joml.MemUtil$MemUtilUnsafe
WARNING: sun.misc.Unsafe::objectFieldOffset will be removed in a future release
[04:33:41] [ServerMain/INFO]: Environment: Environment[sessionHost=https://sessionserver.mojang.com, servicesHost=https://api.minecraftservices.com, profilesHost=https://api.mojang.com, name=PROD]
[04:33:42] [Worker-Main-1/INFO]: No existing world data, creating new world
[04:33:42] [Worker-Main-1/WARN]: Failed to parse level-type default, defaulting to minecraft:normal
[04:33:43] [ServerMain/INFO]: Loaded 1585 recipes
[04:33:43] [ServerMain/INFO]: Loaded 1688 advancements
[04:33:43] [Server thread/INFO]: Starting minecraft server version 26.2
[04:33:44] [Server thread/INFO]: Loading properties
[04:33:44] [Server thread/INFO]: Default game type: SURVIVAL
[04:33:44] [Server thread/INFO]: Generating keypair
[04:33:44] [Server thread/INFO]: Starting Minecraft server on *:25565
[04:33:44] [Server thread/INFO]: Preparing level "world"
[04:33:44] [Server thread/INFO]: Selecting global world spawn...
[04:33:50] [Server thread/INFO]: Loading 0 persistent chunks...
[04:33:50] [Server thread/INFO]: Preparing spawn area: 100%
[04:33:50] [Server thread/INFO]: Time elapsed: 5887 ms
[04:33:50] [Server thread/INFO]: Done (6.154s)! For help, type "help"
[04:33:50] [Server thread/INFO]: Starting GS4 status listener
[04:33:50] [Server thread/INFO]: Thread Query Listener started
[04:33:50] [Query Listener #1/INFO]: Query running on 0.0.0.0:25565
[04:33:50] [Server thread/INFO]: Saving chunks for level 'ServerLevel[world]'/minecraft:overworld
[04:33:50] [Server thread/INFO]: Saving chunks for level 'ServerLevel[world]'/minecraft:the_end
[04:33:50] [Server thread/INFO]: Saving chunks for level 'ServerLevel[world]'/minecraft:the_nether
[04:33:50] [Server thread/INFO]: ThreadedAnvilChunkStorage (world): All chunks are saved
[04:33:50] [Server thread/INFO]: ThreadedAnvilChunkStorage (DIM1): All chunks are saved
[04:33:50] [Server thread/INFO]: ThreadedAnvilChunkStorage (DIM-1): All chunks are saved
[04:33:50] [Server thread/INFO]: ThreadedAnvilChunkStorage: All dimensions are saved
[04:34:50] [Server thread/INFO]: Server empty for 60 seconds, pausing
^[[A^[[A^[[A^[[A^[[A^[[B^[[Bd [04:46:34] [User Authenticator #1/INFO]: UUID of player iGalax is 8850923f-8a60-4791-9246-885143dfbf7e
[04:46:41] [Server thread/INFO]: iGalax[/127.78.230.203:55667] logged in with entity id 15 at (8.5, 99.0, 10.5)
[04:46:41] [Server thread/INFO]: iGalax joined the game
[04:47:21] [Server thread/INFO]: iGalax lost connection: Disconnected
[04:47:21] [Server thread/INFO]: iGalax left the game
op iGalax
[04:47:59] [Server thread/INFO]: Unknown or incomplete command. See below for error
[04:47:59] [Server thread/INFO]: [A[A[A[A[A[B[Bop iGalax<--[HERE]
op
[04:48:08] [Server thread/INFO]: Unknown or incomplete command. See below for error
[04:48:08] [Server thread/INFO]: op<--[HERE]
op G iGalax
[04:48:14] [Server thread/INFO]: Made iGalax a server operator
[04:48:21] [Server thread/INFO]: Server empty for 60 seconds, pausing
stop
[04:48:49] [Server thread/INFO]: Stopping the server
[04:48:49] [Server thread/INFO]: Stopping server
[04:48:49] [Server thread/INFO]: Saving players
[04:48:49] [Server thread/INFO]: Saving worlds
[04:48:49] [Server thread/INFO]: Saving chunks for level 'ServerLevel[world]'/minecraft:overworld
[04:48:49] [Server thread/INFO]: Saving chunks for level 'ServerLevel[world]'/minecraft:the_end
[04:48:49] [Server thread/INFO]: Saving chunks for level 'ServerLevel[world]'/minecraft:the_nether
[04:48:49] [Server thread/INFO]: ThreadedAnvilChunkStorage (world): All chunks are saved
[04:48:49] [Server thread/INFO]: ThreadedAnvilChunkStorage (DIM1): All chunks are saved
[04:48:49] [Server thread/INFO]: ThreadedAnvilChunkStorage (DIM-1): All chunks are saved
[04:48:49] [Server thread/INFO]: ThreadedAnvilChunkStorage: All dimensions are saved
[04:48:49] [Server thread/INFO]: Thread Query Listener stopped
