Aug 11 04:32:18.961 mcserver: INSTALL: INFO: Logs installed
Aug 11 04:32:19.137 mcserver: INSTALL: PASS: Downloading check_deps.sh...
Aug 11 04:32:19.589 mcserver: INSTALL: PASS: Checking ubuntu-24.04.csv
Aug 11 04:32:19.933 mcserver: INSTALL: PASS: Downloading ubuntu-24.04.csv...
Aug 11 04:32:22.615 mcserver: INSTALL: WARN: Missing dependencies: cpio distro-info uuid-runtime
Aug 11 04:32:22.734 mcserver: INSTALL: INFO: codespace has sudo access.
Aug 11 04:32:22.842 mcserver: INSTALL: INFO: Automatically installing missing dependencies.
Aug 11 04:32:33.485 mcserver: INSTALL: PASS: Downloading install_server_files.sh...
Aug 11 04:32:33.666 mcserver: INSTALL: PASS: Downloading install_eula.sh...
Aug 11 04:32:39.069 mcserver: INSTALL: PASS: Downloading update_mc.sh...
Aug 11 04:32:39.754 mcserver: INSTALL: PASS: Downloading minecraft_server.26.2.jar...
Aug 11 04:32:39.926 mcserver: INSTALL: PASS: clearing tmp directory /workspaces/Minecra/minecraft-server/lgsm/tmp
Aug 11 04:32:40.112 mcserver: INSTALL: PASS: Downloading check_gamedig.sh...
Aug 11 04:32:40.129 mcserver: INSTALL: INFO: Installing Gamedig
Aug 11 04:32:44.767 mcserver: INSTALL: PASS: Downloading install_config.sh...
Aug 11 04:32:46.176 mcserver: INSTALL: PASS: Downloading server.properties...
Aug 11 04:32:46.285 mcserver: INSTALL: PASS: copying config file /workspaces/Minecra/minecraft-server/serverfiles/server.properties
Aug 11 04:32:46.292 mcserver: INSTALL: INFO: setting hostname
Aug 11 04:32:46.510 mcserver: INSTALL: PASS: setting hostname
Aug 11 04:32:46.513 mcserver: INSTALL: INFO: generating admin/rcon password
Aug 11 04:32:46.723 mcserver: INSTALL: PASS: generating admin/rcon password
Aug 11 04:32:47.026 mcserver: INSTALL: PASS: Downloading fix.sh...
Aug 11 04:32:47.262 mcserver: INSTALL: PASS: Downloading install_stats.sh...
Aug 11 04:32:47.576 mcserver: INSTALL: PASS: Downloading install_complete.sh...
Aug 11 04:32:47.585 mcserver: INSTALL: PASS: Install Complete!
Aug 11 04:32:47.876 mcserver: INSTALL: PASS: Downloading core_exit.sh...
Aug 11 04:32:47.886 mcserver: INSTALL: INFO: LinuxGSM version: v26.2.0
Aug 11 04:32:47.888 mcserver: INSTALL: PASS: core_exit.sh exiting with code: 0
Aug 11 04:32:52.453 mcserver: CORE: INFO: Querying http://ip-api.com/json for public IP address
Aug 11 04:32:52.490 mcserver: CORE: PASS: Queried http://ip-api.com/json for public IP address
Aug 11 04:32:52.687 mcserver: CORE: PASS: Downloading linuxgsm.sh...
Aug 11 04:32:53.212 mcserver: CORE: PASS: Downloading command_console.sh...
Aug 11 04:32:53.505 mcserver: CONSOLE: PASS: Downloading check_root.sh...
Aug 11 04:32:53.765 mcserver: CONSOLE: PASS: Downloading check_system_dir.sh...
Aug 11 04:32:53.953 mcserver: CONSOLE: PASS: Downloading check_logs.sh...
Aug 11 04:32:54.135 mcserver: CONSOLE: PASS: Downloading check_config.sh...
Aug 11 04:33:01.075 mcserver: CONSOLE: PASS: Downloading check_status.sh...
Aug 11 04:33:01.190 mcserver: CONSOLE: ERROR: Failed to access: Server not running
Aug 11 04:33:20.172 mcserver: CONSOLE: INFO: LinuxGSM version: v26.2.0
Aug 11 04:33:20.174 mcserver: CONSOLE: ERROR: core_exit.sh exiting with code: 2
Aug 11 04:33:28.537 mcserver: CORE: PASS: Using cached IP as public IP address
Aug 11 04:33:28.958 mcserver: CORE: PASS: Downloading command_start.sh...
Aug 11 04:33:29.814 mcserver: START: PASS: Downloading check_executable.sh...
Aug 11 04:33:30.503 mcserver: START: PASS: Using cached IP as public IP address
Aug 11 04:33:31.708 mcserver: START: PASS: Using cached IP as public IP address
Aug 11 04:33:31.896 mcserver: START: PASS: Downloading core_logs.sh...
Aug 11 04:33:32.525 mcserver: START: INFO: Rotating log files
